Total memory: 0xA bytes
Free memory: 0x9 bytes
Number of allocated blocks: 1
Number of allocated miniblocks: 1

Block 1 begin
Zone: 0x1 - 0x2
Miniblock 1:		0x1		-		0x2		| RW-
Block 1 end
Total memory: 0xA bytes
Free memory: 0x8 bytes
Number of allocated blocks: 1
Number of allocated miniblocks: 2

Block 1 begin
Zone: 0x1 - 0x3
Miniblock 1:		0x1		-		0x2		| RW-
Miniblock 2:		0x2		-		0x3		| RW-
Block 1 end
