Warning: size was bigger than the block size. Reading 5 characters.
GIGEL
