Total memory: 0xC8 bytes
Free memory: 0x64 bytes
Number of allocated blocks: 1
Number of allocated miniblocks: 1

Block 1 begin
Zone: 0xA - 0x6E
Miniblock 1:		0xA		-		0x6E		| RWX
Block 1 end
