Total memory: 0xA bytes
Free memory: 0x8 bytes
Number of allocated blocks: 2
Number of allocated miniblocks: 2

Block 1 begin
Zone: 0x1 - 0x2
Miniblock 1:		0x1		-		0x2		| RW-
Block 1 end

Block 2 begin
Zone: 0x5 - 0x6
Miniblock 1:		0x5		-		0x6		| RW-
Block 2 end
Total memory: 0xA bytes
Free memory: 0x9 bytes
Number of allocated blocks: 1
Number of allocated miniblocks: 1

Block 1 begin
Zone: 0x5 - 0x6
Miniblock 1:		0x5		-		0x6		| RW-
Block 1 end
