Warning: size was bigger than the block size. Writing 2 characters.
GI
