The allocated address is outside the size of arena
The allocated address is outside the size of arena
Total memory: 0x2 bytes
Free memory: 0x1 bytes
Number of allocated blocks: 1
Number of allocated miniblocks: 1

Block 1 begin
Zone: 0x1 - 0x2
Miniblock 1:		0x1		-		0x2		| RW-
Block 1 end
